============================================================
COMPARATIVE EDGE PERFORMANCE REPORT
============================================================
| Model Format           | File Size (MB) | Avg Latency (ms) | Avg FPS    | P95 Latency (ms) |
| ---------------------- | -------------- | ---------------- | ---------- | ---------------- |
| best.onnx              | 37.19          | 14.00            | 71.45      | 16.23            |
| best.pt                | 19.34          | 11.04            | 90.56      | 13.06            |
| best_fp16.engine       | 21.23          | 4.62             | 216.35     | 5.18             |
| best_int8.engine       | 13.39          | 4.13             | 241.99     | 4.90             |
| best_int8_openvino_model | 9.94           | 177.37           | 5.64       | 224.40           |
| best_ncnn_model        | 18.28          | 351.54           | 2.84       | 425.29           |
| best_openvino_model    | 18.59          | 248.64           | 4.02       | 330.79           |
| best_float16.tflite    | 18.28          | 304.16           | 3.29       | 394.91           |
| best_float32.tflite    | 36.41          | 305.70           | 3.27       | 396.57           |
| best_full_integer_quant.tflite | 9.64           | 320.56           | 3.12       | 407.91           |
| best_int8.tflite       | 9.58           | 388.68           | 2.57       | 467.21           |
| best_integer_quant.tflite | 9.64           | 318.23           | 3.14       | 407.88           |


Note: 
The above results are based on benchmarking the model formats using a dynamic batching strategy. 
The latency and FPS values are averaged over multiple runs to ensure consistency. 
The P95 latency represents the 95th percentile latency, indicating that 95% of the inferences were completed within this time frame.
The file sizes are indicative of the storage requirements for each model format.
It was benchmarked on Google Collab with a Tesla T4 GPU, and the results may vary based on the hardware and software environment used for testing.